iso.3.6.1.4.1.6574.1.1.0 = INTEGER: 1
iso.3.6.1.4.1.6574.1.2.0 = INTEGER: 45
iso.3.6.1.4.1.6574.1.3.0 = INTEGER: 1
iso.3.6.1.4.1.6574.1.4.1.0 = INTEGER: 1
iso.3.6.1.4.1.6574.1.4.2.0 = INTEGER: 1
iso.3.6.1.4.1.6574.1.5.1.0 = STRING: "DS1515+"
iso.3.6.1.4.1.6574.1.5.2.0 = STRING: "<SERIENNUMMER>"
iso.3.6.1.4.1.6574.1.5.3.0 = STRING: "DSM 6.1-15047"
iso.3.6.1.4.1.6574.1.5.4.0 = INTEGER: 2
